Qflow placement logfile created on Fri 05 Jun 2026 01:20:04 AM PDT
Running vlog2Cel to generate input files for graywolf
vlog2Cel  -l  /usr/local/share/qflow/tech/etri050/etri050_stdcells.lef -u 100 -o /home/yosys123/Desktop/ETRI-0.5um-CMOS-MPW-Std-Cell-DK/Tutorials/ASIC_chip/layout/Display_optimized_auto_SPI.cel /home/yosys123/Desktop/ETRI-0.5um-CMOS-MPW-Std-Cell-DK/Tutorials/ASIC_chip/Display_optimized_auto_SPI.rtlnopwr.v
No Display_optimized_auto_SPI.cel1 file found for project. . . no partial blockages to apply to layout.
Running decongest to set initial density of 0.5
decongest.tcl Display_optimized_auto_SPI  /usr/local/share/qflow/tech/etri050/etri050_stdcells.lef FILL,,, 0.5 --units=100 --lib=/usr/local/share/qflow/tech/etri050/etri05_stdcells.lib
Reading FILL {} {} {} macros from LEF file.
Unexpected input in LEF file:  Only macro defs were expected!
Line is:   NOWIREEXTENSIONATPIN ON ;
decongest.tcl:
Fixed density planning, density = 0.5
Number of cells = 1170, total width = 1507500
Width of fill = 1507500
Width of decap = 0
Width of antenna = 0
Width of body ties = 0

Done!
Preparing pin placement hints from Display_optimized_auto_SPI.cel2
Running GrayWolf placement
graywolf  Display_optimized_auto_SPI

twflow version:2.1 date:Mon May 25 21:15:08 EDT 1992
Authors: Bill Swartz, Carl Sechen
         Yale University

syntax version:v1.1 date:Mon May 25 21:11:10 EDT 1992
TimberWolf System Syntax Checker
Authors: Carl Sechen, Kai-Win Lee, Bill Swartz,
         Dahe Chen, and Jimmy Lam
         Yale University

Read   50 objects so far...
Read  100 objects so far...
Read  150 objects so far...
Read  200 objects so far...
Read  250 objects so far...
Read  300 objects so far...
Read  350 objects so far...
Read  400 objects so far...
Read  450 objects so far...
Read  500 objects so far...
Read  550 objects so far...
Read  600 objects so far...
Read  650 objects so far...
Read  700 objects so far...
Read  750 objects so far...
Read  800 objects so far...
Read  850 objects so far...
Read  900 objects so far...
Read  950 objects so far...
Read 1000 objects so far...
Read 1050 objects so far...
Read 1100 objects so far...
Read 1150 objects so far...
No syntax errors were found

syntax terminated normally with no errors and 0 warning[s]


----------------------------
Total stdcells     :1170
Total cell width   :3.02e+06
Total cell height  :4.56e+06
Total cell area    :1.18e+10
Total core area    :1.18e+10
Average cell height:3.90e+03


nocut - replacement for Mincut version:v1.0 date:Mon May 25 21:09:40 EDT 1992
TimberWolf System Floorplan Setup Program
Authors: Carl Sechen, Bill Swartz,
         Yale University

Read   50 objects so far...
Read  100 objects so far...
Read  150 objects so far...
Read  200 objects so far...
Read  250 objects so far...
Read  300 objects so far...
Read  350 objects so far...
Read  400 objects so far...
Read  450 objects so far...
Read  500 objects so far...
Read  550 objects so far...
Read  600 objects so far...
Read  650 objects so far...
Read  700 objects so far...
Read  750 objects so far...
Read  800 objects so far...
Read  850 objects so far...
Read  900 objects so far...
Read  950 objects so far...
Read 1000 objects so far...
Read 1050 objects so far...
Read 1100 objects so far...
Read 1150 objects so far...
Splitting Display_optimized_auto_SPI.cel into Display_optimized_auto_SPI.scel and Display_optimized_auto_SPI.mcel...
	done!


nocut - replacement for Mincut terminated normally with no errors and 0 warning[s]


TimberWolfMC version:v2.2 date:Mon May 25 21:18:34 EDT 1992
Authors: Carl Sechen, Bill Swartz, Kai-Win Lee
         Dahe Chen, and Jimmy Lam
         Yale University

config version:v1.0 date:Mon May 25 20:57:18 EDT 1992
Row configuration program
    Yale University


config switches:
	Graphics mode on
	config will inherit window



config terminated normally with no errors and 0 warning[s]


TimberWolfMC terminated normally with no errors and 0 warning[s]



TimberWolfSC switches:
	Graphics mode on
	TimberWolfSC will inherit window

TimberWolfSC version:v6.0 date:Mon May 25 21:19:07 EDT 1992
Row-Based Placement and Global Routing Program
Authors: Carl Sechen, Kai-Win Lee, and Bill Swartz,
         Yale University
  0 
  1   2   3   4   5   6   7   8   9  10  11  12  13  14  15 
 16  17  18  19  20  21  22  23  24  25  26  27  28  29  30 
 31  32  33  34  35  36  37  38  39  40  41  42  43  44  45 
 46  47  48  49  50  51  52  53  54  55  56  57  58  59  60 
 61  62  63  64  65  66  67  68  69  70  71  72  73  74  75 
 76  77  78  79  80  81  82  83  84  85  86  87  88  89  90 
 91  92  93  94  95  96  97  98  99 100 101 102 103 104 105 
106 107 108 109 110 111 112 113 114 115 116 117 118 119 120 
121 122 123 124 125 126 127 128 129 130 131 132 133 134 135 
136 137 138 139 140 141 142 143 144 145 146 147 148 149 150 
151 152 153 154 155 156 157 158 
 block left edge is at -299
 the longest block length is 109200
 building the steiner trees
 rebuilding the steiner tree

----start doing coarse global routing ------ 
 ITERATION  1

  longest Row is:21   Its length is:108900
 doing feed-through pins assignment
 building the net-tree now !
 set up the global routing grids
 the starting value of tracks =  298
 tracks = 282 at attempts =  1000
 tracks = 277 at attempts =  2000
 tracks = 275 at attempts =  3000
 tracks = 274 at attempts =  4000
 tracks = 273 at attempts =  5000
 tracks = 273 at attempts =  6000
 tracks = 273 at attempts =  7000
 tracks = 273 at attempts =  8000
 tracks = 273 at attempts =  9000
 tracks = 273 at attempts = 10000
 tracks = 273 at attempts = 11000
 tracks = 273 at attempts = 12000
 tracks = 273 at attempts = 13000
 tracks = 273 at attempts = 14000
 tracks = 273 at attempts = 15000
 tracks = 273 at attempts = 16000
 tracks = 273 at attempts = 17000
 tracks = 273 at attempts = 18000
 tracks = 273 at attempts = 19000
 tracks = 273 at attempts = 20000
 tracks = 273 at attempts = 21000
 tracks = 273 at attempts = 22000
 tracks = 273 at attempts = 23000
 tracks = 273 at attempts = 24000
 tracks = 273 at attempts = 25000
 tracks = 273 at attempts = 26000
 tracks = 273 at attempts = 27000
 tracks = 273 at attempts = 28000
 tracks = 273 at attempts = 29000
 removing redundant feed-through pins
 the connectivity of all the nets is verified

 block left edge is at -299
 the longest block length is 109200
 building the steiner trees
 rebuilding the steiner tree

----start doing coarse global routing ------ 
 ITERATION  1

  longest Row is:21   Its length is:108900
 doing feed-through pins assignment
 building the net-tree now !
 set up the global routing grids
 the starting value of tracks =  297
 tracks = 280 at attempts =  1000
 tracks = 279 at attempts =  2000
 tracks = 276 at attempts =  3000
 tracks = 275 at attempts =  4000
 tracks = 275 at attempts =  5000
 tracks = 275 at attempts =  6000
 tracks = 275 at attempts =  7000
 tracks = 275 at attempts =  8000
 tracks = 275 at attempts =  9000
 tracks = 275 at attempts = 10000
 tracks = 275 at attempts = 11000
 tracks = 275 at attempts = 12000
 tracks = 275 at attempts = 13000
 tracks = 275 at attempts = 14000
 tracks = 275 at attempts = 15000
 tracks = 275 at attempts = 16000
 tracks = 275 at attempts = 17000
 tracks = 275 at attempts = 18000
 tracks = 275 at attempts = 19000
 tracks = 275 at attempts = 20000
 tracks = 275 at attempts = 21000
 tracks = 275 at attempts = 22000
 tracks = 275 at attempts = 23000
 tracks = 275 at attempts = 24000
 tracks = 275 at attempts = 25000
 tracks = 275 at attempts = 26000
 tracks = 275 at attempts = 27000
 tracks = 275 at attempts = 28000
 tracks = 275 at attempts = 29000
 removing redundant feed-through pins
 the connectivity of all the nets is verified

 block left edge is at -299
 the longest block length is 109200
 building the steiner trees
 rebuilding the steiner tree

----start doing coarse global routing ------ 
 ITERATION  1

  longest Row is:21   Its length is:108900
 doing feed-through pins assignment
 building the net-tree now !
 set up the global routing grids
 the starting value of tracks =  291
 tracks = 277 at attempts =  1000
 tracks = 270 at attempts =  2000
 tracks = 268 at attempts =  3000
 tracks = 266 at attempts =  4000
 tracks = 266 at attempts =  5000
 tracks = 264 at attempts =  6000
 tracks = 264 at attempts =  7000
 tracks = 264 at attempts =  8000
 tracks = 264 at attempts =  9000
 tracks = 264 at attempts = 10000
 tracks = 264 at attempts = 11000
 tracks = 264 at attempts = 12000
 tracks = 264 at attempts = 13000
 tracks = 264 at attempts = 14000
 tracks = 264 at attempts = 15000
 tracks = 264 at attempts = 16000
 tracks = 264 at attempts = 17000
 tracks = 264 at attempts = 18000
 tracks = 264 at attempts = 19000
 tracks = 264 at attempts = 20000
 tracks = 264 at attempts = 21000
 tracks = 264 at attempts = 22000
 tracks = 264 at attempts = 23000
 tracks = 264 at attempts = 24000
 tracks = 264 at attempts = 25000
 tracks = 264 at attempts = 26000
 tracks = 264 at attempts = 27000
 tracks = 264 at attempts = 28000
 tracks = 264 at attempts = 29000
 removing redundant feed-through pins
 the connectivity of all the nets is verified

 block left edge is at -299
 the longest block length is 109200
 building the steiner trees
 rebuilding the steiner tree

----start doing coarse global routing ------ 
 ITERATION  1

  longest Row is:21   Its length is:108900
 doing feed-through pins assignment
 building the net-tree now !
 set up the global routing grids
 the starting value of tracks =  267
 tracks = 266 at attempts =  1000
 tracks = 266 at attempts =  2000
 tracks = 266 at attempts =  3000
 tracks = 266 at attempts =  4000
 tracks = 266 at attempts =  5000
 tracks = 266 at attempts =  6000
 tracks = 266 at attempts =  7000
 tracks = 266 at attempts =  8000
 tracks = 266 at attempts =  9000
 tracks = 266 at attempts = 10000
 tracks = 266 at attempts = 11000
 tracks = 266 at attempts = 12000
 tracks = 266 at attempts = 13000
 tracks = 266 at attempts = 14000
 tracks = 266 at attempts = 15000
 tracks = 266 at attempts = 16000
 tracks = 266 at attempts = 17000
 tracks = 266 at attempts = 18000
 tracks = 266 at attempts = 19000
 tracks = 266 at attempts = 20000
 tracks = 266 at attempts = 21000
 tracks = 266 at attempts = 22000
 tracks = 266 at attempts = 23000
 tracks = 266 at attempts = 24000
 tracks = 266 at attempts = 25000
 tracks = 266 at attempts = 26000
 tracks = 266 at attempts = 27000
 tracks = 266 at attempts = 28000
 tracks = 266 at attempts = 29000
 removing redundant feed-through pins
 the connectivity of all the nets is verified

 block left edge is at -299
 the longest block length is 109200
 building the steiner trees
 rebuilding the steiner tree

----start doing coarse global routing ------ 
 ITERATION  1

  longest Row is:21   Its length is:108900
 doing feed-through pins assignment
 building the net-tree now !
 set up the global routing grids
 the starting value of tracks =  279
 tracks = 273 at attempts =  1000
 tracks = 265 at attempts =  2000
 tracks = 262 at attempts =  3000
 tracks = 262 at attempts =  4000
 tracks = 261 at attempts =  5000
 tracks = 261 at attempts =  6000
 tracks = 261 at attempts =  7000
 tracks = 261 at attempts =  8000
 tracks = 261 at attempts =  9000
 tracks = 261 at attempts = 10000
 tracks = 261 at attempts = 11000
 tracks = 261 at attempts = 12000
 tracks = 261 at attempts = 13000
 tracks = 261 at attempts = 14000
 tracks = 261 at attempts = 15000
 tracks = 261 at attempts = 16000
 tracks = 261 at attempts = 17000
 tracks = 261 at attempts = 18000
 tracks = 261 at attempts = 19000
 tracks = 261 at attempts = 20000
 tracks = 261 at attempts = 21000
 tracks = 261 at attempts = 22000
 tracks = 261 at attempts = 23000
 tracks = 261 at attempts = 24000
 tracks = 261 at attempts = 25000
 tracks = 261 at attempts = 26000
 tracks = 261 at attempts = 27000
 tracks = 261 at attempts = 28000
 tracks = 261 at attempts = 29000
 removing redundant feed-through pins
 the connectivity of all the nets is verified

 block left edge is at -299
 the longest block length is 109200
 building the steiner trees
 rebuilding the steiner tree

----start doing coarse global routing ------ 
 ITERATION  1

  longest Row is:21   Its length is:108900
 doing feed-through pins assignment
 building the net-tree now !
 set up the global routing grids
 the starting value of tracks =  291
 tracks = 277 at attempts =  1000
 tracks = 273 at attempts =  2000
 tracks = 270 at attempts =  3000
 tracks = 268 at attempts =  4000
 tracks = 267 at attempts =  5000
 tracks = 267 at attempts =  6000
 tracks = 267 at attempts =  7000
 tracks = 267 at attempts =  8000
 tracks = 267 at attempts =  9000
 tracks = 267 at attempts = 10000
 tracks = 267 at attempts = 11000
 tracks = 267 at attempts = 12000
 tracks = 267 at attempts = 13000
 tracks = 267 at attempts = 14000
 tracks = 267 at attempts = 15000
 tracks = 267 at attempts = 16000
 tracks = 267 at attempts = 17000
 tracks = 267 at attempts = 18000
 tracks = 267 at attempts = 19000
 tracks = 267 at attempts = 20000
 tracks = 267 at attempts = 21000
 tracks = 267 at attempts = 22000
 tracks = 267 at attempts = 23000
 tracks = 267 at attempts = 24000
 tracks = 267 at attempts = 25000
 tracks = 267 at attempts = 26000
 tracks = 267 at attempts = 27000
 tracks = 267 at attempts = 28000
 tracks = 267 at attempts = 29000
 removing redundant feed-through pins
 the connectivity of all the nets is verified

 block left edge is at -299
 the longest block length is 109200
 building the steiner trees
 rebuilding the steiner tree

----start doing coarse global routing ------ 
 ITERATION  1

  longest Row is:21   Its length is:108900
 doing feed-through pins assignment
 building the net-tree now !
 set up the global routing grids
 the starting value of tracks =  299
 tracks = 285 at attempts =  1000
 tracks = 279 at attempts =  2000
 tracks = 277 at attempts =  3000
 tracks = 277 at attempts =  4000
 tracks = 275 at attempts =  5000
 tracks = 274 at attempts =  6000
 tracks = 274 at attempts =  7000
 tracks = 274 at attempts =  8000
 tracks = 274 at attempts =  9000
 tracks = 274 at attempts = 10000
 tracks = 274 at attempts = 11000
 tracks = 274 at attempts = 12000
 tracks = 274 at attempts = 13000
 tracks = 274 at attempts = 14000
 tracks = 274 at attempts = 15000
 tracks = 274 at attempts = 16000
 tracks = 274 at attempts = 17000
 tracks = 274 at attempts = 18000
 tracks = 274 at attempts = 19000
 tracks = 274 at attempts = 20000
 tracks = 274 at attempts = 21000
 tracks = 274 at attempts = 22000
 tracks = 274 at attempts = 23000
 tracks = 274 at attempts = 24000
 tracks = 274 at attempts = 25000
 tracks = 274 at attempts = 26000
 tracks = 274 at attempts = 27000
 tracks = 274 at attempts = 28000
 tracks = 274 at attempts = 29000
 removing redundant feed-through pins
 the connectivity of all the nets is verified

 block left edge is at -299
 the longest block length is 109200
 building the steiner trees
 rebuilding the steiner tree

----start doing coarse global routing ------ 
 ITERATION  1

  longest Row is:21   Its length is:108900
 doing feed-through pins assignment
 building the net-tree now !
 set up the global routing grids
 the starting value of tracks =  271
 tracks = 271 at attempts =  1000
 tracks = 270 at attempts =  2000
 tracks = 270 at attempts =  3000
 tracks = 270 at attempts =  4000
 tracks = 270 at attempts =  5000
 tracks = 270 at attempts =  6000
 tracks = 270 at attempts =  7000
 tracks = 270 at attempts =  8000
 tracks = 270 at attempts =  9000
 tracks = 270 at attempts = 10000
 tracks = 270 at attempts = 11000
 tracks = 270 at attempts = 12000
 tracks = 270 at attempts = 13000
 tracks = 270 at attempts = 14000
 tracks = 270 at attempts = 15000
 tracks = 270 at attempts = 16000
 tracks = 270 at attempts = 17000
 tracks = 270 at attempts = 18000
 tracks = 270 at attempts = 19000
 tracks = 270 at attempts = 20000
 tracks = 270 at attempts = 21000
 tracks = 270 at attempts = 22000
 tracks = 270 at attempts = 23000
 tracks = 270 at attempts = 24000
 tracks = 270 at attempts = 25000
 tracks = 270 at attempts = 26000
 tracks = 270 at attempts = 27000
 tracks = 270 at attempts = 28000
 tracks = 270 at attempts = 29000
 removing redundant feed-through pins
 the connectivity of all the nets is verified


***********************************************
*ACTUAL* FINAL NUMBER OF ROUTING TRACKS: 261
***********************************************


TimberWolfSC terminated normally with no errors and 0 warning[s]


twflow terminated normally with no errors and 0 warning[s]

Running getantennacell to determine cell to use for antenna anchors.
getantennacell.tcl Display_optimized_auto_SPI  /usr/local/share/qflow/tech/etri050/etri050_stdcells.lef 
Running getfillcell to determine cell to use for fill.
getfillcell.tcl Display_optimized_auto_SPI  /usr/local/share/qflow/tech/etri050/etri050_stdcells.lef FILL
Using cell FILL for fill
Running place2def to translate graywolf output to DEF format.
place2def.tcl Display_optimized_auto_SPI FILL 
Running place2def.tcl
DEF database: 100 units per micron
Limits: xbot = -802.0 ybot = -300 xtop = 109402.0 ytop = 109695.0
Core values: 150 150 109050 109350
Offsets: 150 150
3 routing layers
367 horizontal tracks from 0.0 to 110100.0 step 300 (M1, M3, ...)
368 vertical tracks from -600.0 to 109800.0 step 300 (M2, M4, ...)
Summary: Total components = 6195
  Fill cells  = 5025
  Other cells = 1170
Done with place2def.tcl
Running addspacers to generate power stripes and align cell right edge
addspacers -stripe 8 225 PG -stripe 8.0 240.0 PG -p vdd -g gnd -f FILL -O -stripe 8.0 240.0 PG  -l  /usr/local/share/qflow/tech/etri050/etri050_stdcells.lef -o Display_optimized_auto_SPI_filled.def Display_optimized_auto_SPI
Warning:  Stretching requested, but not applicable.
Stripe width requested = 8, stripe width used = 9
Will not generate over-cell power stripes due to lack of route layers
Generating comb structures instead.
Initial core layout: (150 150) to (109050 109350) (scale um * 100)
Running arrangepins to adjust pin positions for optimal routing.
arrangepins.tcl  Display_optimized_auto_SPI
Reading info file Display_optimized_auto_SPI.info. . .
Reading DEF file Display_optimized_auto_SPI.def. . .
Recalculating pin positions
Writing DEF file Display_optimized_auto_SPI_mod.def. . .
Done with arrangepins.tcl
DEF2Verilog -v /home/yosys123/Desktop/ETRI-0.5um-CMOS-MPW-Std-Cell-DK/Tutorials/ASIC_chip/Display_optimized_auto_SPI.rtlnopwr.v -o /home/yosys123/Desktop/ETRI-0.5um-CMOS-MPW-Std-Cell-DK/Tutorials/ASIC_chip/Display_optimized_auto_SPI_anno.v
-p vdd -g gnd  -l  /usr/local/share/qflow/tech/etri050/etri050_stdcells.lef Display_optimized_auto_SPI.def

Generating RTL verilog and SPICE netlist file in directory
   /home/yosys123/Desktop/ETRI-0.5um-CMOS-MPW-Std-Cell-DK/Tutorials/ASIC_chip
Files:
   Verilog: /home/yosys123/Desktop/ETRI-0.5um-CMOS-MPW-Std-Cell-DK/Tutorials/ASIC_chip/Display_optimized_auto_SPI.rtl.v
   Verilog: /home/yosys123/Desktop/ETRI-0.5um-CMOS-MPW-Std-Cell-DK/Tutorials/ASIC_chip/Display_optimized_auto_SPI.rtlnopwr.v
   Verilog: /home/yosys123/Desktop/ETRI-0.5um-CMOS-MPW-Std-Cell-DK/Tutorials/ASIC_chip/Display_optimized_auto_SPI.rtlbb.v
   Spice:   /home/yosys123/Desktop/ETRI-0.5um-CMOS-MPW-Std-Cell-DK/Tutorials/ASIC_chip/Display_optimized_auto_SPI.spc

Running vlog2Verilog.
vlog2Verilog -c -v vdd -g gnd -o Display_optimized_auto_SPI.rtl.v Display_optimized_auto_SPI_anno.v
vlog2Verilog -c -p -v vdd -g gnd -o Display_optimized_auto_SPI.rtlnopwr.v Display_optimized_auto_SPI_anno.v
vlog2Verilog -c -b -p -n -v vdd -g gnd -o Display_optimized_auto_SPI.rtlbb.v Display_optimized_auto_SPI_anno.v
Running vlog2Spice.
vlog2Spice -i -l  /usr/local/share/qflow/tech/etri050/etri050_stdcells.sp -o Display_optimized_auto_SPI.spc Display_optimized_auto_SPI.rtl.v
Warning:  No SPICE subcircuit for FILL.  Pin order will be arbitrary.
Placement script ended on Fri 05 Jun 2026 01:20:31 AM PDT
